../Core/Src/main.c:113:5:main	8	static
../Core/Src/main.c:172:6:SystemClock_Config	88	static
../Core/Src/main.c:220:13:MX_CRC_Init	8	static
../Core/Src/main.c:246:13:MX_USART2_UART_Init	8	static
../Core/Src/main.c:279:13:MX_USART3_UART_Init	8	static
../Core/Src/main.c:312:13:MX_GPIO_Init	48	static
../Core/Src/main.c:345:13:bootloader_uart_read_data	16	static
../Core/Src/main.c:403:13:bootloader_jump_to_user_app	24	static,ignoring_inline_asm
../Core/Src/main.c:429:13:printmsg	96	static
../Core/Src/main.c:448:13:bootloader_handle_getver_cmd	32	static
../Core/Src/main.c:486:13:bootloader_handle_gethelp_cmd	24	static
../Core/Src/main.c:510:13:bootloader_handle_getcid_cmd	32	static
../Core/Src/main.c:538:13:bootloader_handle_getrdp_cmd	32	static
../Core/Src/main.c:567:13:bootloader_handle_go_cmd	40	static
../Core/Src/main.c:622:13:bootloader_handle_flash_erase_cmd	32	static
../Core/Src/main.c:654:13:bootloader_handle_mem_write_cmd	40	static
../Core/Src/main.c:712:13:bootloader_handle_en_rw_protect	16	static
../Core/Src/main.c:716:13:bootloader_handle_mem_read	16	static
../Core/Src/main.c:720:13:bootloader_handle_read_sector_protection_status	16	static
../Core/Src/main.c:724:13:bootloader_handle_read_otp	16	static
../Core/Src/main.c:728:13:bootloader_handle_dis_rw_protect	16	static
../Core/Src/main.c:737:13:bootloader_send_ack	24	static
../Core/Src/main.c:747:13:bootloader_send_nack	16	static
../Core/Src/main.c:754:16:bootloader_verify_crc	40	static
../Core/Src/main.c:773:13:bootloader_uart_write_data	16	static
../Core/Src/main.c:781:16:get_bootloader_version	4	static
../Core/Src/main.c:787:17:get_mcu_chip_id	16	static
../Core/Src/main.c:803:16:get_flash_rdp_level	16	static
../Core/Src/main.c:821:16:verify_address	16	static
../Core/Src/main.c:845:16:execute_flash_erase	48	static
../Core/Src/main.c:886:9:execute_mem_write	40	static
../Core/Src/main.c:909:6:Error_Handler	4	static,ignoring_inline_asm
